
DELL@DESKTOP-ERO7GT9 MINGW64 ~
$ % ls
bash: fg: %: no such job

DELL@DESKTOP-ERO7GT9 MINGW64 ~
$ ls
 AppData/
'Application Data'@
 Contacts/
 Cookies@
 Desktop/
 Documents/
 Downloads/
 Favorites/
 IntelGraphicsProfiles/
 Links/
'Local Settings'@
 Music/
'My Documents'@
 NTUSER.DAT
 NTUSER.DAT{ae8dcf56-54cf-11ec-b5f6-60dd8e19d52e}.TxR.0.regtrans-ms
 NTUSER.DAT{ae8dcf56-54cf-11ec-b5f6-60dd8e19d52e}.TxR.1.regtrans-ms
 NTUSER.DAT{ae8dcf56-54cf-11ec-b5f6-60dd8e19d52e}.TxR.2.regtrans-ms
 NTUSER.DAT{ae8dcf56-54cf-11ec-b5f6-60dd8e19d52e}.TxR.blf
 NTUSER.DAT{ae8dcf57-54cf-11ec-b5f6-60dd8e19d52e}.TM.blf
 NTUSER.DAT{ae8dcf57-54cf-11ec-b5f6-60dd8e19d52e}.TMContainer00000000000000000001.regtrans-ms
 NTUSER.DAT{ae8dcf57-54cf-11ec-b5f6-60dd8e19d52e}.TMContainer00000000000000000002.regtrans-ms
 NetHood@
 OneDrive/
 Pictures/
 Postman/
 PrintHood@
 Recent@
'Saved Games'/
 Searches/
 SendTo@
'Start Menu'@
 Templates@
 Videos/
'VirtualBox VMs'/
 ntuser.dat.LOG1
 ntuser.dat.LOG2
 ntuser.ini

DELL@DESKTOP-ERO7GT9 MINGW64 ~
$ cd d;
bash: cd: d: No such file or directory

DELL@DESKTOP-ERO7GT9 MINGW64 ~
$ cd d
bash: cd: d: No such file or directory

DELL@DESKTOP-ERO7GT9 MINGW64 ~
$ cd d;
bash: cd: d: No such file or directory

DELL@DESKTOP-ERO7GT9 MINGW64 ~
$ cd d:

DELL@DESKTOP-ERO7GT9 MINGW64 /d
$ ls
'$RECYCLE.BIN'/
 Peace_and_Order_Crime_and_Accident_Prediction_System_Ayson/
'System Volume Information'/
 xampp/

DELL@DESKTOP-ERO7GT9 MINGW64 /d
$ cd ^C

DELL@DESKTOP-ERO7GT9 MINGW64 /d
$ ^C

DELL@DESKTOP-ERO7GT9 MINGW64 /d
$ cd ^[[200~Peace_and_Order_Crime_and_Accident_Prediction_System_Ayson/~
bash: cd: $'\E[200~Peace_and_Order_Crime_and_Accident_Prediction_System_Ayson/~': No such file or directory

DELL@DESKTOP-ERO7GT9 MINGW64 /d
$ cd Peace_and_Order_Crime_and_Accident_Prediction_System_Ayson

DELL@DESKTOP-ERO7GT9 MINGW64 /d/Peace_and_Order_Crime_and_Accident_Prediction_System_Ayson
$ mkdir code

DELL@DESKTOP-ERO7GT9 MINGW64 /d/Peace_and_Order_Crime_and_Accident_Prediction_System_Ayson
$ git init
Initialized empty Git repository in D:/Peace_and_Order_Crime_and_Accident_Prediction_System_Ayson/.git/

DELL@DESKTOP-ERO7GT9 MINGW64 /d/Peace_and_Order_Crime_and_Accident_Prediction_System_Ayson (master)
$ cd d:

DELL@DESKTOP-ERO7GT9 MINGW64 /d
$ cd Peace_and_Order_Crime_and_Accident_Prediction_System_Ayson

DELL@DESKTOP-ERO7GT9 MINGW64 /d/Peace_and_Order_Crime_and_Accident_Prediction_System_Ayson (master)
$ ls
code/

DELL@DESKTOP-ERO7GT9 MINGW64 /d/Peace_and_Order_Crime_and_Accident_Prediction_System_Ayson (master)
$ git clone https://github.com/Doyle1222/Peace-and-Order-Crime-and-Accident-Rate-Prediction-System.git
Cloning into 'Peace-and-Order-Crime-and-Accident-Rate-Prediction-System'...
remote: Enumerating objects: 3, done.
remote: Counting objects: 100% (3/3), done.
remote: Compressing objects: 100% (2/2), done.
remote: Total 3 (delta 0), reused 0 (delta 0), pack-reused 0
Receiving objects: 100% (3/3), done.

DELL@DESKTOP-ERO7GT9 MINGW64 /d/Peace_and_Order_Crime_and_Accident_Prediction_System_Ayson (master)
$ git init
Reinitialized existing Git repository in D:/Peace_and_Order_Crime_and_Accident_Prediction_System_Ayson/.git/

DELL@DESKTOP-ERO7GT9 MINGW64 /d/Peace_and_Order_Crime_and_Accident_Prediction_System_Ayson (master)
$ cd Peace-and-Order-Crime-and-Accident-Rate-Prediction-System

DELL@DESKTOP-ERO7GT9 MINGW64 /d/Peace_and_Order_Crime_and_Accident_Prediction_System_Ayson/Peace-and-Order-Crime-and-Accident-Rate-Prediction-System (main)
$ git status
On branch main
Your branch is up to date with 'origin/main'.

Untracked files:
  (use "git add <file>..." to include in what will be committed)
        Douments.txt

nothing added to commit but untracked files present (use "git add" to track)

DELL@DESKTOP-ERO7GT9 MINGW64 /d/Peace_and_Order_Crime_and_Accident_Prediction_System_Ayson/Peace-and-Order-Crime-and-Accident-Rate-Prediction-System (main)
$ git add "Douments.txt"

DELL@DESKTOP-ERO7GT9 MINGW64 /d/Peace_and_Order_Crime_and_Accident_Prediction_System_Ayson/Peace-and-Order-Crime-and-Accident-Rate-Prediction-System (main)
$ git status
On branch main
Your branch is up to date with 'origin/main'.

Changes to be committed:
  (use "git restore --staged <file>..." to unstage)
        new file:   Douments.txt


DELL@DESKTOP-ERO7GT9 MINGW64 /d/Peace_and_Order_Crime_and_Accident_Prediction_System_Ayson/Peace-and-Order-Crime-and-Accident-Rate-Prediction-System (main)
$ git commit -m "Documments for the System"
Author identity unknown

*** Please tell me who you are.

Run

  git config --global user.email "you@example.com"
  git config --global user.name "Your Name"

to set your account's default identity.
Omit --global to set the identity only in this repository.

fatal: unable to auto-detect email address (got 'DELL@DESKTOP-ERO7GT9.(none)')

DELL@DESKTOP-ERO7GT9 MINGW64 /d/Peace_and_Order_Crime_and_Accident_Prediction_System_Ayson/Peace-and-Order-Crime-and-Accident-Rate-Prediction-System (main)
$ git config --global user.email "Doylee1222"

DELL@DESKTOP-ERO7GT9 MINGW64 /d/Peace_and_Order_Crime_and_Accident_Prediction_System_Ayson/Peace-and-Order-Crime-and-Accident-Rate-Prediction-System (main)
$ git config --global user.email "wilmarsonayson12@gmail.com"

DELL@DESKTOP-ERO7GT9 MINGW64 /d/Peace_and_Order_Crime_and_Accident_Prediction_System_Ayson/Peace-and-Order-Crime-and-Accident-Rate-Prediction-System (main)
$ git push
Everything up-to-date

DELL@DESKTOP-ERO7GT9 MINGW64 /d/Peace_and_Order_Crime_and_Accident_Prediction_System_Ayson/Peace-and-Order-Crime-and-Accident-Rate-Prediction-System (main)
$ git push
Everything up-to-date

DELL@DESKTOP-ERO7GT9 MINGW64 /d/Peace_and_Order_Crime_and_Accident_Prediction_System_Ayson/Peace-and-Order-Crime-and-Accident-Rate-Prediction-System (main)
$ git status
On branch main
Your branch is up to date with 'origin/main'.

Changes to be committed:
  (use "git restore --staged <file>..." to unstage)
        new file:   Douments.txt


DELL@DESKTOP-ERO7GT9 MINGW64 /d/Peace_and_Order_Crime_and_Accident_Prediction_System_Ayson/Peace-and-Order-Crime-and-Accident-Rate-Prediction-System (main)
$ git push
Everything up-to-date

DELL@DESKTOP-ERO7GT9 MINGW64 /d/Peace_and_Order_Crime_and_Accident_Prediction_System_Ayson/Peace-and-Order-Crime-and-Accident-Rate-Prediction-System (main)
$ git add --all

DELL@DESKTOP-ERO7GT9 MINGW64 /d/Peace_and_Order_Crime_and_Accident_Prediction_System_Ayson/Peace-and-Order-Crime-and-Accident-Rate-Prediction-System (main)
$ git commit -m "All files"
[main a4206e1] All files
 1 file changed, 1 insertion(+)
 create mode 100644 Douments.txt

DELL@DESKTOP-ERO7GT9 MINGW64 /d/Peace_and_Order_Crime_and_Accident_Prediction_System_Ayson/Peace-and-Order-Crime-and-Accident-Rate-Prediction-System (main)
$ git push
Enumerating objects: 4, done.
Counting objects: 100% (4/4), done.
Delta compression using up to 8 threads
Compressing objects: 100% (2/2), done.
Writing objects: 100% (3/3), 316 bytes | 316.00 KiB/s, done.
Total 3 (delta 0), reused 0 (delta 0), pack-reused 0
To https://github.com/Doyle1222/Peace-and-Order-Crime-and-Accident-Rate-Prediction-System.git
   df1c6f7..a4206e1  main -> main

DELL@DESKTOP-ERO7GT9 MINGW64 /d/Peace_and_Order_Crime_and_Accident_Prediction_System_Ayson/Peace-and-Order-Crime-and-Accident-Rate-Prediction-System (main)
$

DELL@DESKTOP-ERO7GT9 MINGW64 /d/Peace_and_Order_Crime_and_Accident_Prediction_System_Ayson/Peace-and-Order-Crime-and-Accident-Rate-Prediction-System (main)
$ git pull
remote: Enumerating objects: 4, done.
remote: Counting objects: 100% (4/4), done.
remote: Compressing objects: 100% (2/2), done.
remote: Total 3 (delta 0), reused 3 (delta 0), pack-reused 0
Unpacking objects: 100% (3/3), 285 bytes | 0 bytes/s, done.
From https://github.com/Doyle1222/Peace-and-Order-Crime-and-Accident-Rate-Prediction-System
   a4206e1..9e6a9b6  main       -> origin/main
Updating a4206e1..9e6a9b6
Fast-forward
 was.txt | 1 +
 1 file changed, 1 insertion(+)
 create mode 100644 was.txt

DELL@DESKTOP-ERO7GT9 MINGW64 /d/Peace_and_Order_Crime_and_Accident_Prediction_System_Ayson/Peace-and-Order-Crime-and-Accident-Rate-Prediction-System (main)
$ git status
On branch main
Your branch is up to date with 'origin/main'.

Untracked files:
  (use "git add <file>..." to include in what will be committed)
        Sheezzz.txt

nothing added to commit but untracked files present (use "git add" to track)

DELL@DESKTOP-ERO7GT9 MINGW64 /d/Peace_and_Order_Crime_and_Accident_Prediction_System_Ayson/Peace-and-Order-Crime-and-Accident-Rate-Prediction-System (main)
$ git add --all

DELL@DESKTOP-ERO7GT9 MINGW64 /d/Peace_and_Order_Crime_and_Accident_Prediction_System_Ayson/Peace-and-Order-Crime-and-Accident-Rate-Prediction-System (main)
$ git commit -m "All files"
[main 682e5f7] All files
 1 file changed, 1 insertion(+)
 create mode 100644 Sheezzz.txt

DELL@DESKTOP-ERO7GT9 MINGW64 /d/Peace_and_Order_Crime_and_Accident_Prediction_System_Ayson/Peace-and-Order-Crime-and-Accident-Rate-Prediction-System (main)
$ git push
Enumerating objects: 4, done.
Counting objects: 100% (4/4), done.
Delta compression using up to 8 threads
Compressing objects: 100% (2/2), done.
Writing objects: 100% (3/3), 350 bytes | 350.00 KiB/s, done.
Total 3 (delta 0), reused 0 (delta 0), pack-reused 0
To https://github.com/Doyle1222/Peace-and-Order-Crime-and-Accident-Rate-Prediction-System.git
   9e6a9b6..682e5f7  main -> main

DELL@DESKTOP-ERO7GT9 MINGW64 /d/Peace_and_Order_Crime_and_Accident_Prediction_System_Ayson/Peace-and-Order-Crime-and-Accident-Rate-Prediction-System (main)
$
